
Discarded input sections

 .group         0x00000000        0xc ./gic.o
 .group         0x00000000        0xc ./gic.o
 .group         0x00000000        0xc ./gic.o
 .group         0x00000000        0xc ./gic.o
 .group         0x00000000        0xc ./gic.o
 .group         0x00000000        0xc ./gic.o
 .group         0x00000000        0xc ./gic.o
 .group         0x00000000        0xc ./gic.o
 .text          0x00000000        0x0 ./gic.o
 .data          0x00000000        0x0 ./gic.o
 .bss           0x00000000        0x0 ./gic.o
 .text.gic_irq_disable
                0x00000000       0x60 ./gic.o
 .group         0x00000000        0xc ./main.o
 .group         0x00000000        0xc ./main.o
 .group         0x00000000        0xc ./main.o
 .group         0x00000000        0xc ./main.o
 .group         0x00000000        0xc ./main.o
 .group         0x00000000        0xc ./main.o
 .group         0x00000000        0xc ./main.o
 .group         0x00000000        0xc ./main.o
 .group         0x00000000        0xc ./main.o
 .text          0x00000000        0x0 ./main.o
 .data          0x00000000        0x0 ./main.o
 .bss           0x00000000        0x0 ./main.o
 .text.delay_ms
                0x00000000       0x5c ./main.o
 .debug_macro   0x00000000      0xa60 ./main.o
 .debug_macro   0x00000000       0x22 ./main.o
 .debug_macro   0x00000000       0x8e ./main.o
 .debug_macro   0x00000000       0x51 ./main.o
 .debug_macro   0x00000000      0x103 ./main.o
 .debug_macro   0x00000000       0x6a ./main.o
 .debug_macro   0x00000000      0x1df ./main.o
 .debug_macro   0x00000000      0x13c ./main.o
 .text          0x00000000        0x0 ./startup.o
 .data          0x00000000        0x0 ./startup.o
 .group         0x00000000        0xc ./timer.o
 .group         0x00000000        0xc ./timer.o
 .group         0x00000000        0xc ./timer.o
 .group         0x00000000        0xc ./timer.o
 .group         0x00000000        0xc ./timer.o
 .group         0x00000000        0xc ./timer.o
 .group         0x00000000        0xc ./timer.o
 .group         0x00000000        0xc ./timer.o
 .text          0x00000000        0x0 ./timer.o
 .data          0x00000000        0x0 ./timer.o
 .bss           0x00000000        0x0 ./timer.o
 .text.timer_get_ms
                0x00000000       0x24 ./timer.o
 .debug_macro   0x00000000      0xa60 ./timer.o
 .debug_macro   0x00000000       0x22 ./timer.o
 .debug_macro   0x00000000       0x8e ./timer.o
 .debug_macro   0x00000000       0x51 ./timer.o
 .debug_macro   0x00000000      0x103 ./timer.o
 .debug_macro   0x00000000       0x6a ./timer.o
 .debug_macro   0x00000000      0x1df ./timer.o
 .debug_macro   0x00000000      0x13c ./timer.o
 .group         0x00000000        0xc ./uart.o
 .group         0x00000000        0xc ./uart.o
 .group         0x00000000        0xc ./uart.o
 .group         0x00000000        0xc ./uart.o
 .group         0x00000000        0xc ./uart.o
 .group         0x00000000        0xc ./uart.o
 .group         0x00000000        0xc ./uart.o
 .group         0x00000000        0xc ./uart.o
 .group         0x00000000        0xc ./uart.o
 .text          0x00000000        0x0 ./uart.o
 .data          0x00000000        0x0 ./uart.o
 .bss           0x00000000        0x0 ./uart.o
 .text.uart_getc
                0x00000000       0x4c ./uart.o
 .debug_macro   0x00000000      0xa60 ./uart.o
 .debug_macro   0x00000000       0x22 ./uart.o
 .debug_macro   0x00000000       0x8e ./uart.o
 .debug_macro   0x00000000       0x51 ./uart.o
 .debug_macro   0x00000000      0x103 ./uart.o
 .debug_macro   0x00000000       0x6a ./uart.o
 .debug_macro   0x00000000      0x1df ./uart.o
 .debug_macro   0x00000000      0x13c ./uart.o

Memory Configuration

Name             Origin             Length             Attributes
OCRAM            0xffff0000         0x00010000         xrw
SDRAM            0x00000000         0x20000000         xrw
*default*        0x00000000         0xffffffff

Linker script and memory map

LOAD c:/gcc-arm-none-eabi/bin/../lib/gcc/arm-none-eabi/10.3.1/thumb/v7-a+fp/hard\libgcc.a
LOAD ./gic.o
LOAD ./main.o
LOAD ./startup.o
LOAD ./timer.o
LOAD ./uart.o
                0x00000000                _stack_top = (ORIGIN (OCRAM) + LENGTH (OCRAM))
                0xffffc000                _stack_bottom = (_stack_top - 0x4000)
                0xffffc000                _irq_stack_top = _stack_bottom
                0xffffbc00                _irq_stack_bottom = (_irq_stack_top - 0x400)
                0xffff0000                . = ORIGIN (OCRAM)

.vectors        0xffff0000       0x3c
 *(.vectors)
 .vectors       0xffff0000       0x3c ./startup.o
                0xffff0000                _start

.text           0xffff003c      0xefc
 *(.text.startup)
 .text.startup  0xffff003c       0xa8 ./startup.o
                0xffff003c                Reset_Handler
                0xffff00a0                Undef_Handler
                0xffff00a0                DataAbort_Handler
                0xffff00a0                FIQ_Handler
                0xffff00a0                PrefAbort_Handler
                0xffff00a8                IRQ_Handler
                0xffff00c4                SVC_Handler
 *(.text*)
 .text.gic_init
                0xffff00e4      0x130 ./gic.o
                0xffff00e4                gic_init
 .text.gic_register
                0xffff0214       0x44 ./gic.o
                0xffff0214                gic_register
 .text.gic_irq_enable
                0xffff0258       0xcc ./gic.o
                0xffff0258                gic_irq_enable
 .text.gic_acknowledge
                0xffff0324       0x28 ./gic.o
                0xffff0324                gic_acknowledge
 .text.gic_eoi  0xffff034c       0x30 ./gic.o
                0xffff034c                gic_eoi
 .text.irq_dispatch
                0xffff037c       0x60 ./gic.o
                0xffff037c                irq_dispatch
 .text.gpio_set_dir_out
                0xffff03dc       0x48 ./main.o
 .text.gpio_write
                0xffff0424       0x6c ./main.o
 .text.gpio_toggle
                0xffff0490       0x3c ./main.o
 .text.gpio_read
                0xffff04cc       0x38 ./main.o
 .text.on_timer_tick
                0xffff0504       0x3c ./main.o
 .text.print_banner
                0xffff0540       0x88 ./main.o
 .text.main     0xffff05c8      0x1d0 ./main.o
                0xffff05c8                main
 .text.timer_isr
                0xffff0798       0x68 ./timer.o
                0xffff0798                timer_isr
 .text.timer_init
                0xffff0800       0xb0 ./timer.o
                0xffff0800                timer_init
 .text.uart_init
                0xffff08b0       0xb4 ./uart.o
                0xffff08b0                uart_init
 .text.uart_putc
                0xffff0964       0x64 ./uart.o
                0xffff0964                uart_putc
 .text.uart_puts
                0xffff09c8       0x54 ./uart.o
                0xffff09c8                uart_puts
 .text._putdec  0xffff0a1c      0x170 ./uart.o
 .text._puthex  0xffff0b8c       0xc8 ./uart.o
 .text.uart_printf
                0xffff0c54      0x2e4 ./uart.o
                0xffff0c54                uart_printf
                0xffff0f38                . = ALIGN (0x4)

.glue_7         0xffff0f38        0x0
 .glue_7        0xffff0f38        0x0 linker stubs

.glue_7t        0xffff0f38        0x0
 .glue_7t       0xffff0f38        0x0 linker stubs

.vfp11_veneer   0xffff0f38        0x0
 .vfp11_veneer  0xffff0f38        0x0 linker stubs

.v4_bx          0xffff0f38        0x0
 .v4_bx         0xffff0f38        0x0 linker stubs

.iplt           0xffff0f38        0x0
 .iplt          0xffff0f38        0x0 ./gic.o

.rodata         0xffff0f38      0x2bc
 *(.rodata*)
 .rodata        0xffff0f38      0x27a ./main.o
 *fill*         0xffff11b2        0x2 
 .rodata._pow10
                0xffff11b4       0x28 ./uart.o
 .rodata        0xffff11dc       0x17 ./uart.o
                0xffff11f4                . = ALIGN (0x4)
 *fill*         0xffff11f3        0x1 
                0xffff11f4                _data_lma = LOADADDR (.data)

.rel.dyn        0xffff11f4        0x0
 .rel.iplt      0xffff11f4        0x0 ./gic.o

.data           0xffff11f4        0x0
                0xffff11f4                _data_start = .
 *(.data*)
                0xffff11f4                . = ALIGN (0x4)
                0xffff11f4                _data_end = .

.igot.plt       0xffff11f4        0x0
 .igot.plt      0xffff11f4        0x0 ./gic.o

.bss            0xffff11f8      0x814
                0xffff11f8                _bss_start = .
 *(.bss*)
 .bss.irq_table
                0xffff11f8      0x400 ./gic.o
 .bss.g_tick_count
                0xffff15f8        0x4 ./main.o
 *fill*         0xffff15fc        0x4 
 .bss           0xffff1600      0x400 ./startup.o
 .bss._user_cb  0xffff1a00        0x4 ./timer.o
 .bss._tick_ms  0xffff1a04        0x4 ./timer.o
 .bss._elapsed_ms
                0xffff1a08        0x4 ./timer.o
 *(COMMON)
                0xffff1a0c                . = ALIGN (0x4)
                0xffff1a0c                _bss_end = .
                0xffff1a0c                _end = .
                0x00000001                ASSERT ((_end <= _irq_stack_bottom), ERROR: .bss/_end overflows into IRQ stack region!)
                0x00000001                ASSERT ((_irq_stack_bottom >= (_stack_bottom - 0x400)), ERROR: IRQ stack symbol mismatch!)

/DISCARD/
 *(.ARM.exidx*)
 *(.ARM.extab*)
OUTPUT(lab0.elf elf32-littlearm)
LOAD linker stubs

.debug_info     0x00000000      0x9c7
 .debug_info    0x00000000      0x25a ./gic.o
 .debug_info    0x0000025a      0x245 ./main.o
 .debug_info    0x0000049f       0x22 ./startup.o
 .debug_info    0x000004c1      0x151 ./timer.o
 .debug_info    0x00000612      0x3b5 ./uart.o

.debug_abbrev   0x00000000      0x43b
 .debug_abbrev  0x00000000      0x113 ./gic.o
 .debug_abbrev  0x00000113      0x103 ./main.o
 .debug_abbrev  0x00000216       0x12 ./startup.o
 .debug_abbrev  0x00000228       0xc7 ./timer.o
 .debug_abbrev  0x000002ef      0x14c ./uart.o

.debug_aranges  0x00000000      0x150
 .debug_aranges
                0x00000000       0x50 ./gic.o
 .debug_aranges
                0x00000050       0x58 ./main.o
 .debug_aranges
                0x000000a8       0x28 ./startup.o
 .debug_aranges
                0x000000d0       0x30 ./timer.o
 .debug_aranges
                0x00000100       0x50 ./uart.o

.debug_ranges   0x00000000      0x108
 .debug_ranges  0x00000000       0x40 ./gic.o
 .debug_ranges  0x00000040       0x48 ./main.o
 .debug_ranges  0x00000088       0x20 ./startup.o
 .debug_ranges  0x000000a8       0x20 ./timer.o
 .debug_ranges  0x000000c8       0x40 ./uart.o

.debug_macro    0x00000000     0x127f
 .debug_macro   0x00000000       0x88 ./gic.o
 .debug_macro   0x00000088      0xa60 ./gic.o
 .debug_macro   0x00000ae8       0x22 ./gic.o
 .debug_macro   0x00000b0a       0x8e ./gic.o
 .debug_macro   0x00000b98       0x51 ./gic.o
 .debug_macro   0x00000be9      0x103 ./gic.o
 .debug_macro   0x00000cec       0x6a ./gic.o
 .debug_macro   0x00000d56      0x1df ./gic.o
 .debug_macro   0x00000f35      0x13c ./gic.o
 .debug_macro   0x00001071       0x9b ./main.o
 .debug_macro   0x0000110c       0x10 ./main.o
 .debug_macro   0x0000111c       0x86 ./timer.o
 .debug_macro   0x000011a2       0x85 ./uart.o
 .debug_macro   0x00001227       0x58 ./uart.o

.debug_line     0x00000000      0xc99
 .debug_line    0x00000000      0x2ed ./gic.o
 .debug_line    0x000002ed      0x2e6 ./main.o
 .debug_line    0x000005d3       0x8b ./startup.o
 .debug_line    0x0000065e      0x1f8 ./timer.o
 .debug_line    0x00000856      0x443 ./uart.o

.debug_str      0x00000000     0x43a1
 .debug_str     0x00000000     0x401c ./gic.o
                               0x4180 (size before relaxing)
 .debug_str     0x0000401c      0x12e ./main.o
                               0x41bf (size before relaxing)
 .debug_str     0x0000414a       0x1b ./startup.o
                                 0x58 (size before relaxing)
 .debug_str     0x00004165       0xa4 ./timer.o
                               0x4138 (size before relaxing)
 .debug_str     0x00004209      0x198 ./uart.o
                               0x42a7 (size before relaxing)

.comment        0x00000000       0x49
 .comment       0x00000000       0x49 ./gic.o
                                 0x4a (size before relaxing)
 .comment       0x00000049       0x4a ./main.o
 .comment       0x00000049       0x4a ./timer.o
 .comment       0x00000049       0x4a ./uart.o

.ARM.attributes
                0x00000000       0x37
 .ARM.attributes
                0x00000000       0x39 ./gic.o
 .ARM.attributes
                0x00000039       0x39 ./main.o
 .ARM.attributes
                0x00000072       0x21 ./startup.o
 .ARM.attributes
                0x00000093       0x39 ./timer.o
 .ARM.attributes
                0x000000cc       0x39 ./uart.o

.debug_frame    0x00000000      0x368
 .debug_frame   0x00000000       0xf0 ./gic.o
 .debug_frame   0x000000f0      0x104 ./main.o
 .debug_frame   0x000001f4       0x6c ./timer.o
 .debug_frame   0x00000260      0x108 ./uart.o
